// Vitest Snapshot v1, https://vitest.dev/guide/snapshot.html

exports[`EmptyState > matches snapshot 1`] = `
<div>
  <div
    class="card state"
  >
    <div
      class="empty-state"
    >
      <div
        aria-hidden="true"
        class="empty-state__icon"
      >
        <svg
          aria-hidden="true"
          fill="none"
          height="20"
          stroke="currentColor"
          stroke-linecap="round"
          stroke-linejoin="round"
          stroke-width="1.8"
          viewBox="0 0 24 24"
          width="20"
        >
          <circle
            cx="9"
            cy="20"
            r="1.5"
          />
          <circle
            cx="18"
            cy="20"
            r="1.5"
          />
          <path
            d="M3 4h2l2.2 10.5a2 2 0 0 0 2 1.5h8.8a2 2 0 0 0 1.9-1.3L22 8H7"
          />
        </svg>
      </div>
      <h2>
        Заголовок
      </h2>
      <p
        class="muted"
      >
        Описание empty-state.
      </p>
      <div
        class="actions"
      >
        <button
          class="primary"
          type="button"
        >
          Основное действие
        </button>
        <button
          class="secondary"
          type="button"
        >
          Вторичное действие
        </button>
      </div>
    </div>
  </div>
</div>
`;
